---
source: src/cli/split_view.rs
expression: terminal.backend()
---
"┌▶ Models ─────────────────────┐┌ Diff ────────────────────────────────────────────────────────────┐"
"│▶ 🤖 claude [+] (2 files)     ││+++ b/src/main.rs                                                 │" Hidden by multi-width symbols: [(4, " ")]
"│  ✨ gemini [+] (3 files)     ││--- a/src/main.rs                                                 │" Hidden by multi-width symbols: [(4, " ")]
"│  📦 codex [x] (0 files)      ││@@ -1,3 +1,5 @@                                                   │" Hidden by multi-width symbols: [(4, " ")]
"│                              ││ fn main() {                                                      │"
"│                              ││+    println!("Hello");                                           │"
"│                              ││     run();                                                       │"
"│                              ││ }                                                                │"
"│                              ││                                                                  │"
"│                              ││                                                                  │"
"│                              ││                                                                  │"
"│                              ││                                                                  │"
"│                              ││                                                                  │"
"│                              ││                                                                  │"
"│                              ││                                                                  │"
"│                              ││                                                                  │"
"│                              ││                                                                  │"
"│                              ││                                                                  │"
"│                              ││                                                                  │"
"│                              ││                                                                  │"
"│                              ││                                                                  │"
"│                              ││                                                                  │"
"│                              ││                                                                  │"
"│                              ││                                                                  │"
"│                              ││                                                                  │"
"│                              ││                                                                  │"
"│                              ││                                                                  │"
"│                              ││                                                                  │"
"└──────────────────────────────┘└──────────────────────────────────────────────────────────────────┘"
" j/k  Select   Tab/l  Details   L  Log   D  Diff   a/Enter  Apply   q  Quit                         "
