---
source: src/cli/split_view.rs
expression: terminal.backend()
---
"┌▶ Models ─────────────────────┐┌ Log ─────────────────────────────────────────────────────────────┐"
"│▶ 🤖 claude [+] (2 files)     ││🤖 CLAUDE - Success                                               │" Hidden by multi-width symbols: [(4, " "), (34, " ")]
"│  ✨ gemini [+] (3 files)     ││==================================================                │" Hidden by multi-width symbols: [(4, " ")]
"│  📦 codex [x] (0 files)      ││                                                                  │" Hidden by multi-width symbols: [(4, " ")]
"│                              ││Summary:                                                          │"
"│                              ││  Files changed: 2                                                │"
"│                              ││  + 1 added                                                       │"
"│                              ││  ~ 1 modified                                                    │"
"│                              ││                                                                  │"
"│                              ││--------------------------------------------------                │"
"│                              ││Output:                                                           │"
"│                              ││--------------------------------------------------                │"
"│                              ││Analyzing the code...                                             │"
"│                              ││Made changes to src/main.rs                                       │"
"│                              ││                                                                  │"
"│                              ││                                                                  │"
"│                              ││                                                                  │"
"│                              ││                                                                  │"
"│                              ││                                                                  │"
"│                              ││                                                                  │"
"│                              ││                                                                  │"
"│                              ││                                                                  │"
"│                              ││                                                                  │"
"│                              ││                                                                  │"
"│                              ││                                                                  │"
"│                              ││                                                                  │"
"│                              ││                                                                  │"
"│                              ││                                                                  │"
"└──────────────────────────────┘└──────────────────────────────────────────────────────────────────┘"
" Apply changes from claude?  y  Yes   n/Esc  No                                                     "
